// Jest Snapshot v1, https://goo.gl/fbAQLP

exports[`renders correctly 1`] = `
<View
  accessibilityComponentType={undefined}
  accessibilityLabel={undefined}
  accessibilityTraits={undefined}
  accessible={true}
  collapsable={undefined}
  hasTVPreferredFocus={undefined}
  hitSlop={undefined}
  isTVSelectable={true}
  nativeID={undefined}
  onLayout={undefined}
  onResponderGrant={[Function]}
  onResponderMove={[Function]}
  onResponderRelease={[Function]}
  onResponderTerminate={[Function]}
  onResponderTerminationRequest={[Function]}
  onStartShouldSetResponder={[Function]}
  style={
    Object {
      "alignItems": "center",
      "alignSelf": "stretch",
      "backgroundColor": "#62B1F6",
      "borderBottomWidth": null,
      "borderColor": "#007aff",
      "borderLeftWidth": null,
      "borderRadius": 5,
      "borderRightWidth": null,
      "borderTopWidth": null,
      "borderWidth": undefined,
      "elevation": 2,
      "flexDirection": "row",
      "height": 45,
      "justifyContent": "center",
      "marginHorizontal": 10,
      "opacity": 1,
      "paddingBottom": 6,
      "paddingTop": 6,
      "shadowColor": undefined,
      "shadowOffset": undefined,
      "shadowOpacity": undefined,
      "shadowRadius": undefined,
      "top": 30,
    }
  }
  testID={undefined}
  tvParallaxProperties={undefined}
>
  <Text
    accessible={true}
    allowFontScaling={true}
    ellipsizeMode="tail"
  />
  <Text
    accessible={true}
    allowFontScaling={true}
    ellipsizeMode="tail"
    style={
      Array [
        Object {
          "backgroundColor": "transparent",
          "color": "#fff",
          "fontFamily": "System",
          "fontSize": 16.5,
          "marginLeft": 0,
          "marginRight": 0,
          "paddingLeft": 16,
          "paddingRight": 16,
        },
        Object {
          "color": "white",
        },
      ]
    }
    uppercase={false}
    virtual={undefined}
  />
</View>
`;
