// Jest Snapshot v1, https://goo.gl/fbAQLP

exports[`Test CreateProduct renders correctly 1`] = `
<View
  collapsable={undefined}
  style={
    Object {
      "backgroundColor": "white",
      "flex": 1,
      "paddingBottom": 0,
    }
  }
>
  <View
    style={
      Object {
        "flexDirection": "column",
      }
    }
  >
    <Modal
      animationType="none"
      hardwareAccelerated={false}
      hideModalContentWhileAnimating={false}
      onModalHide={[Function]}
      onRequestClose={[Function]}
      scrollOffset={0}
      scrollOffsetMax={0}
      scrollTo={null}
      supportedOrientations={
        Array [
          "portrait",
          "landscape",
        ]
      }
      swipeThreshold={100}
      transparent={true}
      visible={false}
    >
      <View
        accessibilityComponentType={undefined}
        accessibilityLabel={undefined}
        accessibilityTraits={undefined}
        accessible={true}
        collapsable={undefined}
        hitSlop={undefined}
        nativeID={undefined}
        onLayout={undefined}
        onResponderGrant={[Function]}
        onResponderMove={[Function]}
        onResponderRelease={[Function]}
        onResponderTerminate={[Function]}
        onResponderTerminationRequest={[Function]}
        onStartShouldSetResponder={[Function]}
        style={
          Object {
            "backgroundColor": "black",
            "bottom": 0,
            "height": 1334,
            "left": 0,
            "opacity": 0,
            "position": "absolute",
            "right": 0,
            "top": 0,
            "width": 750,
          }
        }
        testID={undefined}
      />
      <View
        collapsable={undefined}
        hideModalContentWhileAnimating={false}
        onModalHide={[Function]}
        pointerEvents="box-none"
        scrollOffset={0}
        scrollOffsetMax={0}
        scrollTo={null}
        style={
          Object {
            "flex": 1,
            "justifyContent": "center",
            "margin": 37.5,
            "marginBottom": 0,
            "marginLeft": 0,
            "marginRight": 0,
            "marginTop": 0,
            "transform": Array [
              Object {
                "translateY": 0,
              },
            ],
          }
        }
        supportedOrientations={
          Array [
            "portrait",
            "landscape",
          ]
        }
        swipeThreshold={100}
      >
        <View
          enabled={true}
          keyboardVerticalOffset={0}
          onLayout={[Function]}
          style={
            Array [
              Object {
                "alignItems": "center",
                "flex": 1,
                "justifyContent": "center",
              },
              Object {
                "paddingBottom": 0,
              },
            ]
          }
        >
          <View
            style={
              Object {
                "borderRadius": 13,
                "flexDirection": "column",
                "overflow": "hidden",
                "width": 270,
              }
            }
          >
            <View
              style={
                Object {
                  "backgroundColor": "rgba(255,255,255, 0.8)",
                  "bottom": 0,
                  "left": 0,
                  "position": "absolute",
                  "right": 0,
                  "top": 0,
                }
              }
            />
            <View
              style={
                Object {
                  "margin": 18,
                }
              }
            >
              <Text
                accessible={true}
                allowFontScaling={true}
                ellipsizeMode="tail"
                style={
                  Array [
                    Object {
                      "color": "black",
                      "fontSize": 18,
                      "fontWeight": "600",
                      "textAlign": "center",
                    },
                    Object {
                      "paddingBottom": 5,
                      "paddingTop": 0,
                    },
                  ]
                }
              >
                Erro
              </Text>
              <Text
                accessible={true}
                allowFontScaling={true}
                ellipsizeMode="tail"
                style={
                  Array [
                    Object {
                      "color": "black",
                      "fontSize": 13,
                      "marginTop": 4,
                      "textAlign": "center",
                    },
                    undefined,
                  ]
                }
              >
                
              </Text>
            </View>
            <View
              style={
                Object {
                  "borderTopColor": "#A9ADAE",
                  "borderTopWidth": 0.5,
                  "flexDirection": "row",
                  "height": 46,
                  "justifyContent": "space-between",
                }
              }
            >
              <View
                accessibilityComponentType={undefined}
                accessibilityLabel={undefined}
                accessibilityTraits={undefined}
                accessible={true}
                collapsable={undefined}
                hasTVPreferredFocus={undefined}
                hitSlop={undefined}
                isTVSelectable={true}
                nativeID={undefined}
                onLayout={undefined}
                onResponderGrant={[Function]}
                onResponderMove={[Function]}
                onResponderRelease={[Function]}
                onResponderTerminate={[Function]}
                onResponderTerminationRequest={[Function]}
                onStartShouldSetResponder={[Function]}
                style={
                  Object {
                    "alignItems": "center",
                    "flex": 1,
                    "justifyContent": "center",
                    "opacity": 1,
                  }
                }
                testID={undefined}
                tvParallaxProperties={undefined}
              >
                <Text
                  accessible={true}
                  allowFontScaling={true}
                  ellipsizeMode="tail"
                  style={
                    Array [
                      Object {
                        "backgroundColor": "transparent",
                        "fontSize": 17,
                        "textAlign": "center",
                      },
                      Object {
                        "color": "purple",
                        "fontWeight": "normal",
                      },
                      undefined,
                    ]
                  }
                >
                  Cancelar
                </Text>
              </View>
            </View>
          </View>
        </View>
      </View>
    </Modal>
  </View>
  <Image
    collapsable={undefined}
    source={
      Object {
        "uri": "http://www.piniswiss.com/wp-content/uploads/2013/05/image-not-found-4a963b95bf081c3ea02923dceaeb3f8085e1a654fc54840aac61a57a60903fef-300x199.png",
      }
    }
    style={
      Object {
        "height": 199,
        "width": "100%",
      }
    }
  />
  <View
    style={
      Array [
        Object {},
        Object {
          "flex": 1,
          "height": "35%",
          "width": "95%",
        },
      ]
    }
    virtual={undefined}
  >
    <View
      accessibilityComponentType={undefined}
      accessibilityLabel={undefined}
      accessibilityTraits={undefined}
      accessible={true}
      collapsable={undefined}
      hasTVPreferredFocus={undefined}
      hitSlop={undefined}
      isTVSelectable={true}
      nativeID={undefined}
      onLayout={undefined}
      onResponderGrant={[Function]}
      onResponderMove={[Function]}
      onResponderRelease={[Function]}
      onResponderTerminate={[Function]}
      onResponderTerminationRequest={[Function]}
      onStartShouldSetResponder={[Function]}
      style={
        Object {
          "alignItems": "center",
          "backgroundColor": "transparent",
          "borderBottomWidth": 1,
          "borderColor": "#D9D5DC",
          "borderLeftWidth": 0,
          "borderRadius": undefined,
          "borderRightWidth": 0,
          "borderTopWidth": 0,
          "borderWidth": undefined,
          "flexDirection": "row",
          "marginLeft": 15,
          "marginTop": 15,
          "opacity": 1,
        }
      }
      testID={undefined}
      tvParallaxProperties={undefined}
    >
      <View
        collapsable={undefined}
        style={
          Object {
            "left": 0,
            "opacity": 1,
            "paddingBottom": undefined,
            "paddingTop": undefined,
            "position": "absolute",
            "right": 0,
            "top": 18,
          }
        }
      >
        <Text
          accessible={true}
          allowFontScaling={true}
          ellipsizeMode="tail"
          style={
            Object {
              "color": "#575757",
              "fontSize": 17,
              "left": 0,
              "paddingRight": 5,
              "top": 6,
            }
          }
          virtual={undefined}
        >
          Título
        </Text>
      </View>
      <TextInput
        allowFontScaling={true}
        editable={true}
        nameLabel="Título"
        onBlur={[Function]}
        onChangeText={[Function]}
        onFocus={[Function]}
        placeholderTextColor="#575757"
        style={
          Array [
            Object {
              "color": "#000",
              "flex": 1,
              "fontSize": 17,
              "height": 50,
              "marginLeft": null,
              "paddingBottom": 7,
              "paddingLeft": null,
              "paddingRight": 5,
              "paddingTop": 3,
              "top": 10,
            },
            Object {
              "color": "black",
            },
          ]
        }
        underlineColorAndroid="rgba(0,0,0,0)"
        value=""
        virtual={undefined}
      />
    </View>
    <View
      accessibilityComponentType={undefined}
      accessibilityLabel={undefined}
      accessibilityTraits={undefined}
      accessible={true}
      collapsable={undefined}
      hasTVPreferredFocus={undefined}
      hitSlop={undefined}
      isTVSelectable={true}
      nativeID={undefined}
      onLayout={undefined}
      onResponderGrant={[Function]}
      onResponderMove={[Function]}
      onResponderRelease={[Function]}
      onResponderTerminate={[Function]}
      onResponderTerminationRequest={[Function]}
      onStartShouldSetResponder={[Function]}
      style={
        Object {
          "alignItems": "center",
          "backgroundColor": "transparent",
          "borderBottomWidth": 1,
          "borderColor": "#D9D5DC",
          "borderLeftWidth": 0,
          "borderRadius": undefined,
          "borderRightWidth": 0,
          "borderTopWidth": 0,
          "borderWidth": undefined,
          "flexDirection": "row",
          "marginLeft": 15,
          "marginTop": 15,
          "opacity": 1,
        }
      }
      testID={undefined}
      tvParallaxProperties={undefined}
    >
      <View
        collapsable={undefined}
        style={
          Object {
            "left": 0,
            "opacity": 1,
            "paddingBottom": undefined,
            "paddingTop": undefined,
            "position": "absolute",
            "right": 0,
            "top": 18,
          }
        }
      >
        <Text
          accessible={true}
          allowFontScaling={true}
          ellipsizeMode="tail"
          style={
            Object {
              "color": "#575757",
              "fontSize": 17,
              "left": 0,
              "paddingRight": 5,
              "top": 6,
            }
          }
          virtual={undefined}
        >
          Preço
        </Text>
      </View>
      <TextInput
        allowFontScaling={true}
        editable={true}
        keyboardType="numeric"
        nameLabel="Preço"
        onBlur={[Function]}
        onChangeText={[Function]}
        onFocus={[Function]}
        placeholderTextColor="#575757"
        style={
          Array [
            Object {
              "color": "#000",
              "flex": 1,
              "fontSize": 17,
              "height": 50,
              "marginLeft": null,
              "paddingBottom": 7,
              "paddingLeft": null,
              "paddingRight": 5,
              "paddingTop": 3,
              "top": 10,
            },
            Object {
              "color": "black",
            },
          ]
        }
        underlineColorAndroid="rgba(0,0,0,0)"
        value=""
        virtual={undefined}
      />
    </View>
    <TextInput
      allowFontScaling={true}
      editable={true}
      multiline={true}
      onChangeText={[Function]}
      placeholder="Descrição"
      placeholderTextColor="#575757"
      rowSpan={2}
      style={
        Object {
          "borderBottomWidth": 0.5,
          "borderColor": "#D9D5DC",
          "color": "black",
          "fontSize": 15,
          "height": 50,
          "marginTop": 5,
          "paddingLeft": 10,
          "paddingRight": 5,
          "textAlignVertical": "top",
        }
      }
      underline={true}
      underlineColorAndroid="rgba(0,0,0,0)"
      virtual={undefined}
    />
  </View>
  <View
    style={undefined}
  >
    <View
      style={
        Object {
          "flexDirection": "row",
          "justifyContent": "space-around",
          "paddingBottom": 10,
        }
      }
    >
      <View
        accessibilityComponentType={undefined}
        accessibilityLabel={undefined}
        accessibilityTraits={undefined}
        accessible={true}
        collapsable={undefined}
        hasTVPreferredFocus={undefined}
        hitSlop={undefined}
        isTVSelectable={true}
        nativeID={undefined}
        onLayout={undefined}
        onResponderGrant={[Function]}
        onResponderMove={[Function]}
        onResponderRelease={[Function]}
        onResponderTerminate={[Function]}
        onResponderTerminationRequest={[Function]}
        onStartShouldSetResponder={[Function]}
        style={
          Object {
            "alignItems": "center",
            "alignSelf": "center",
            "backgroundColor": "#830037",
            "flex": 0,
            "height": 50,
            "justifyContent": "center",
            "opacity": 1,
            "width": 100,
          }
        }
        testID={undefined}
        tvParallaxProperties={undefined}
      >
        <Text
          accessible={true}
          allowFontScaling={true}
          ellipsizeMode="tail"
          style={
            Object {
              "alignItems": "center",
              "color": "white",
              "fontSize": 16,
              "fontWeight": "300",
            }
          }
        >
           
          CANCELAR
           
        </Text>
      </View>
      <View
        accessibilityComponentType={undefined}
        accessibilityLabel={undefined}
        accessibilityTraits={undefined}
        accessible={true}
        collapsable={undefined}
        hasTVPreferredFocus={undefined}
        hitSlop={undefined}
        isTVSelectable={true}
        nativeID={undefined}
        onLayout={undefined}
        onResponderGrant={[Function]}
        onResponderMove={[Function]}
        onResponderRelease={[Function]}
        onResponderTerminate={[Function]}
        onResponderTerminationRequest={[Function]}
        onStartShouldSetResponder={[Function]}
        style={
          Object {
            "alignItems": "center",
            "alignSelf": "center",
            "backgroundColor": "#0EAC6F",
            "flex": 0,
            "height": 50,
            "justifyContent": "center",
            "opacity": 1,
            "width": 100,
          }
        }
        testID={undefined}
        tvParallaxProperties={undefined}
      >
        <Text
          accessible={true}
          allowFontScaling={true}
          ellipsizeMode="tail"
          style={
            Object {
              "alignItems": "center",
              "color": "white",
              "fontSize": 16,
              "fontWeight": "300",
            }
          }
        >
           
          SALVAR
           
        </Text>
      </View>
    </View>
  </View>
</View>
`;
