// Jest Snapshot v1, https://goo.gl/fbAQLP

exports[`renders correctly 1`] = `
<View
  style={
    Object {
      "flex": 1,
    }
  }
>
  <View
    style={
      Object {
        "height": 210,
        "width": "100%",
      }
    }
  >
    <Image
      source={
        Object {
          "uri": undefined,
        }
      }
      style={
        Array [
          Object {
            "bottom": 0,
            "left": 0,
            "position": "absolute",
            "right": 0,
            "top": 0,
          },
          Object {
            "height": 210,
            "width": "100%",
          },
          undefined,
        ]
      }
    />
    <ExponentLinearGradient
      colors={
        Array [
          0,
          4278190080,
        ]
      }
      endPoint={undefined}
      locations={
        Array [
          0.989,
          0.9,
        ]
      }
      startPoint={undefined}
      style={
        Object {
          "backgroundColor": "transparent",
          "bottom": 0,
          "left": 0,
          "position": "absolute",
          "right": 0,
          "top": 0,
        }
      }
    />
  </View>
</View>
`;
