// Jest Snapshot v1, https://goo.gl/fbAQLP

exports[`renders correctly 1`] = `
<RCTScrollView
  keyboardShouldPersistTaps="always"
>
  <View>
    <TextInput
      allowFontScaling={true}
      maxLength={40}
      multiline={false}
      onChangeText={[Function]}
      placeholder="Autor"
      style={
        Object {
          "alignSelf": "center",
          "borderColor": "grey",
          "borderWidth": 1,
          "marginBottom": 5,
          "padding": 10,
          "width": "80%",
        }
      }
      underlineColorAndroid="transparent"
    />
    <TextInput
      allowFontScaling={true}
      maxLength={128}
      multiline={false}
      onChangeText={[Function]}
      placeholder="Novo Comentário"
      style={
        Object {
          "alignSelf": "center",
          "borderColor": "grey",
          "borderWidth": 1,
          "height": 80,
          "padding": 10,
          "width": "80%",
        }
      }
      underlineColorAndroid="transparent"
    />
    <View
      accessibilityComponentType={undefined}
      accessibilityLabel={undefined}
      accessibilityTraits={undefined}
      accessible={true}
      collapsable={undefined}
      hasTVPreferredFocus={undefined}
      hitSlop={undefined}
      isTVSelectable={true}
      nativeID={undefined}
      onLayout={undefined}
      onResponderGrant={[Function]}
      onResponderMove={[Function]}
      onResponderRelease={[Function]}
      onResponderTerminate={[Function]}
      onResponderTerminationRequest={[Function]}
      onStartShouldSetResponder={[Function]}
      style={
        Object {
          "alignItems": "center",
          "alignSelf": "center",
          "backgroundColor": "#5cb85c",
          "borderBottomWidth": null,
          "borderColor": "#007aff",
          "borderLeftWidth": null,
          "borderRadius": 5,
          "borderRightWidth": null,
          "borderTopWidth": null,
          "borderWidth": undefined,
          "elevation": 2,
          "flexDirection": "row",
          "height": 45,
          "justifyContent": "center",
          "marginTop": 20,
          "opacity": 1,
          "paddingBottom": 6,
          "paddingTop": 6,
          "shadowColor": undefined,
          "shadowOffset": undefined,
          "shadowOpacity": undefined,
          "shadowRadius": undefined,
          "width": "80%",
        }
      }
      testID={undefined}
      tvParallaxProperties={undefined}
    >
      <Text
        accessible={true}
        allowFontScaling={true}
        ellipsizeMode="tail"
      >
        Enviar Comentário
      </Text>
    </View>
    <View
      style={
        Object {
          "alignSelf": "center",
          "borderWidth": 0.25,
          "margin": 20,
          "opacity": 0.25,
          "width": "80%",
        }
      }
    />
  </View>
</RCTScrollView>
`;
